ERROR: 'result' cannot be used in this context (C:\Src\Code_1\ql\cpp\ql\src\semmle\code\cpp\ir\implementation\aliased_ssa\Operand.qll:98,5-11)
ERROR: Ambiguous predicate reference: could refer to a classless predicate or a predicate in Instruction. (C:\Src\Code_1\ql\cpp\ql\src\semmle\code\cpp\ir\implementation\aliased_ssa\Instruction.qll:229,8-17)
ERROR: Ambiguous predicate reference: could refer to a classless predicate or a predicate in Instruction. (C:\Src\Code_1\ql\cpp\ql\src\semmle\code\cpp\ir\implementation\aliased_ssa\Instruction.qll:239,15-24)
ERROR: Ambiguous predicate reference: could refer to a classless predicate or a predicate in Instruction. (C:\Src\Code_1\ql\cpp\ql\src\semmle\code\cpp\ir\implementation\aliased_ssa\Instruction.qll:382,8-17)
ERROR: Annotation final can only be applied to classes, member predicates, and fields (C:\Src\Code_1\ql\cpp\ql\src\semmle\code\cpp\ir\implementation\aliased_ssa\Operand.qll:73,3-8)
ERROR: Annotation final can only be applied to classes, member predicates, and fields (C:\Src\Code_1\ql\cpp\ql\src\semmle\code\cpp\ir\implementation\aliased_ssa\Operand.qll:96,3-8)
ERROR: Could not resolve predicate getInstruction/0 (C:\Src\Code_1\ql\cpp\ql\src\semmle\code\cpp\ir\implementation\aliased_ssa\Operand.qll:98,31-45)
ERROR: Could not resolve type AddressOperand (C:\Src\Code_1\ql\cpp\ql\src\semmle\code\cpp\ir\implementation\aliased_ssa\Operand.qll:96,9-23)
ERROR: Could not resolve type AddressOperand (C:\Src\Code_1\ql\cpp\ql\src\semmle\code\cpp\ir\implementation\aliased_ssa\Instruction.qll:674,30-44)
ERROR: Could not resolve type AddressOperand (C:\Src\Code_1\ql\cpp\ql\src\semmle\code\cpp\ir\implementation\aliased_ssa\Instruction.qll:688,30-44)
ERROR: Could not resolve type AddressOperand (C:\Src\Code_1\ql\cpp\ql\src\semmle\code\cpp\ir\implementation\aliased_ssa\Instruction.qll:1291,30-44)
ERROR: Could not resolve type ArgumentOperand (C:\Src\Code_1\ql\cpp\ql\src\semmle\code\cpp\ir\implementation\aliased_ssa\Instruction.qll:1138,30-45)
ERROR: Could not resolve type CallTargetOperand (C:\Src\Code_1\ql\cpp\ql\src\semmle\code\cpp\ir\implementation\aliased_ssa\Instruction.qll:1131,30-47)
ERROR: Could not resolve type ChiPartialOperand (C:\Src\Code_1\ql\cpp\ql\src\semmle\code\cpp\ir\implementation\aliased_ssa\Instruction.qll:1477,30-47)
ERROR: Could not resolve type ChiTotalOperand (C:\Src\Code_1\ql\cpp\ql\src\semmle\code\cpp\ir\implementation\aliased_ssa\Instruction.qll:1470,30-45)
ERROR: Could not resolve type ConditionOperand (C:\Src\Code_1\ql\cpp\ql\src\semmle\code\cpp\ir\implementation\aliased_ssa\Instruction.qll:698,30-46)
ERROR: Could not resolve type ConditionOperand (C:\Src\Code_1\ql\cpp\ql\src\semmle\code\cpp\ir\implementation\aliased_ssa\Instruction.qll:1103,30-46)
ERROR: Could not resolve type CopySourceOperand (C:\Src\Code_1\ql\cpp\ql\src\semmle\code\cpp\ir\implementation\aliased_ssa\Instruction.qll:658,30-47)
ERROR: Could not resolve type ExceptionOperand (C:\Src\Code_1\ql\cpp\ql\src\semmle\code\cpp\ir\implementation\aliased_ssa\Instruction.qll:1298,30-46)
ERROR: Could not resolve type LeftOperand (C:\Src\Code_1\ql\cpp\ql\src\semmle\code\cpp\ir\implementation\aliased_ssa\Instruction.qll:756,30-41)
ERROR: Could not resolve type NonPhiOperand (C:\Src\Code_1\ql\cpp\ql\src\semmle\code\cpp\ir\implementation\aliased_ssa\Instruction.qll:57,16-29)
ERROR: Could not resolve type NonPhiOperand (C:\Src\Code_1\ql\cpp\ql\src\semmle\code\cpp\ir\implementation\aliased_ssa\Instruction.qll:67,12-25)
ERROR: Could not resolve type NonPhiOperand (C:\Src\Code_1\ql\cpp\ql\src\semmle\code\cpp\ir\implementation\aliased_ssa\Instruction.qll:79,17-30)
ERROR: Could not resolve type PhiOperand (C:\Src\Code_1\ql\cpp\ql\src\semmle\code\cpp\ir\implementation\aliased_ssa\Instruction.qll:92,16-26)
ERROR: Could not resolve type PositionalArgumentOperand (C:\Src\Code_1\ql\cpp\ql\src\semmle\code\cpp\ir\implementation\aliased_ssa\Instruction.qll:1152,12-37)
ERROR: Could not resolve type ReturnValueOperand (C:\Src\Code_1\ql\cpp\ql\src\semmle\code\cpp\ir\implementation\aliased_ssa\Instruction.qll:648,30-48)
ERROR: Could not resolve type RightOperand (C:\Src\Code_1\ql\cpp\ql\src\semmle\code\cpp\ir\implementation\aliased_ssa\Instruction.qll:760,30-42)
ERROR: Could not resolve type ThisArgumentOperand (C:\Src\Code_1\ql\cpp\ql\src\semmle\code\cpp\ir\implementation\aliased_ssa\Instruction.qll:1145,30-49)
ERROR: Could not resolve type UnaryOperand (C:\Src\Code_1\ql\cpp\ql\src\semmle\code\cpp\ir\implementation\aliased_ssa\Instruction.qll:603,30-42)
ERROR: Could not resolve type UnaryOperand (C:\Src\Code_1\ql\cpp\ql\src\semmle\code\cpp\ir\implementation\aliased_ssa\Instruction.qll:877,30-42)
ERROR: Could not resolve type UnmodeledUseOperand (C:\Src\Code_1\ql\cpp\ql\src\semmle\code\cpp\ir\implementation\aliased_ssa\Instruction.qll:455,31-50)
ERROR: getDefinitionInstruction() cannot be resolved for type Operand (C:\Src\Code_1\ql\cpp\ql\src\semmle\code\cpp\ir\implementation\aliased_ssa\Instruction.qll:122,13-37)
ERROR: getDefinitionInstruction() cannot be resolved for type Operand (C:\Src\Code_1\ql\cpp\ql\src\semmle\code\cpp\ir\implementation\aliased_ssa\Instruction.qll:410,12-36)
ERROR: getDumpSortOrder() cannot be resolved for type Operand (C:\Src\Code_1\ql\cpp\ql\src\semmle\code\cpp\ir\implementation\aliased_ssa\Instruction.qll:280,54-70)
ERROR: getDumpString() cannot be resolved for type Operand (C:\Src\Code_1\ql\cpp\ql\src\semmle\code\cpp\ir\implementation\aliased_ssa\Instruction.qll:280,15-28)
ERROR: missing one of: '}' (C:\Src\Code_1\ql\cpp\ql\src\semmle\code\cpp\ir\implementation\aliased_ssa\Operand.qll:41,5-29)
ERROR: unexpected input 'result' expecting one of: 'and', 'implies', 'in', 'instanceof', 'or', '<', '<=', '=', '>', '>=', '-', '!=', '/', '}', '*', '%', '+' (C:\Src\Code_1\ql\cpp\ql\src\semmle\code\cpp\ir\implementation\aliased_ssa\Operand.qll:36,5-11)
ERROR: unexpected input 'result' expecting one of: 'and', 'implies', 'in', 'instanceof', 'or', '<', '<=', '=', '>', '>=', '-', '!=', '/', '}', '*', '%', '+' (C:\Src\Code_1\ql\cpp\ql\src\semmle\code\cpp\ir\implementation\aliased_ssa\Operand.qll:49,5-11)
ERROR: unexpected input '}' expecting one of: 'any', 'avg', 'boolean', 'count', 'date', 'exists', 'false', 'float', 'forall', 'forex', 'if', 'int', 'max', 'min', 'not', 'none', 'rank', 'result', 'strictcount', 'strictsum', 'strictconcat', 'concat', 'string', 'sum', 'super', 'this', 'true', '_', '-', '(', ')', '[', '+', Lowerid, Upperid, Atlowerid, Integer, Float, String (C:\Src\Code_1\ql\cpp\ql\src\semmle\code\cpp\ir\implementation\aliased_ssa\Operand.qll:100,1-2)
